{
  "json": "paper/results/level2_factorial_contrasts_20260910.json",
  "table": "paper/results/level2_factorial_contrasts_20260910_table_body.tex",
  "complete_five_seed_blocks": 4,
  "paired_seeds": {
    "graph_coloring": [
      43,
      44,
      45,
      46,
      47
    ],
    "countdown": [
      43,
      44,
      45,
      46,
      47
    ],
    "python_factors": [
      43,
      44,
      45,
      46,
      47
    ],
    "mathir": [
      43,
      44,
      45,
      46,
      47
    ],
    "pantry_plan": []
  }
}
